
Clover EFI installer log - Sun Nov  6 14:37:12 CST 2016
Installer version: v2.3k r3899 EFI bootloader
======================================================
/dev/disk0 (internal, physical):
   #:                       TYPE NAME                    SIZE       IDENTIFIER
   0:      GUID_partition_scheme                        *240.1 GB   disk0
   1:                        EFI NO NAME                 594.5 MB   disk0s1
   2:       Microsoft Basic Data 7ack                    185.8 GB   disk0s2
   3:                  Apple_HFS 7ackmac                 53.0 GB    disk0s3
   4:                 Apple_Boot Recovery HD             650.0 MB   disk0s4

/dev/disk1 (internal, physical):
   #:                       TYPE NAME                    SIZE       IDENTIFIER
   0:     FDisk_partition_scheme                        *4.0 GB     disk1
   1:             Windows_FAT_32 NO NAME                 3.5 GB     disk1s1

======================================================
Backing up EFI files

Backing up stage2 file /Volumes/NO NAME/EFIROOTDIR/boot  to /Volumes/NO NAME/EFI-Backups/r3751/2016-11-06-14h37/boot
Backing up stage2 file /Volumes/NO NAME/EFIROOTDIR/boot3 to /Volumes/NO NAME/EFI-Backups/r3751/2016-11-06-14h37/boot3
Backing up stage2 file /Volumes/NO NAME/EFIROOTDIR/boot6 to /Volumes/NO NAME/EFI-Backups/r3751/2016-11-06-14h37/boot6
Backing up /Volumes/NO NAME/EFIROOTDIR/EFI folder to /Volumes/NO NAME/EFI-Backups/r3751/2016-11-06-14h37/EFI
======================================================
Installing BootSectors/BootLoader

Stage 0 - Don't write any of boot0af, boot0md, boot0ss to /Volumes/NO NAME
Stage 1 - Don't write any of boot1h2, boot1f32alt, boot1xalt to /Volumes/NO NAME
Stage 2 - Written boot6 (x64) to /Volumes/NO NAME/boot

Theme 'black_green' (defined in config.plist) not found !
Using default theme 'metal'
======================================================
=========== Clover EFI Installation Finish ===========
======================================================
